[dotfiles]
local = "./"
remote = "https://github.com/tennashi/dotfiles"
